main.c:1045:6:updateScreen	16	static
main.c:1101:7:resetGame	24	static
main.c:1181:6:displayint	40	static
main.c:1208:6:shootMissileINV	24	static
main.c:1261:6:shootMissile	16	static
main.c:1276:6:moveInvaders	16	static
main.c:1298:6:emptyColCheck	4	static
main.c:1314:6:emptyRowCheck	4	static
main.c:1326:6:yoffsetFunc	8	static
main.c:1347:6:offsetFunc	8	static
main.c:1425:6:shiftDown	16	static
main.c:1438:6:drawInvaders	32	static
main.c:1503:6:screenClear	24	static
main.c:1524:6:HAL_GPIO_EXTI_Callback	16	static
main.c:1570:5:main	40	static
main.c:1681:6:SystemClock_Config	112	static
main.c:1736:13:MX_I2S3_Init	8	static
main.c:1770:13:MX_TIM3_Init	32	static
main.c:1815:13:MX_DMA_Init	16	static
main.c:1856:13:MX_GPIO_Init	48	static
main.c:1901:6:BitBlitNew	40	static
main.c:1916:6:BitBlitTitleScreen	24	static
main.c:1931:6:BitBlitEndingScreen	24	static
main.c:1952:6:Error_Handler	4	static
