Archive member included to satisfy reference by file (symbol)

c:/st/stm32cubeide_1.3.0/stm32cubeide/plugins/com.st.stm32cube.ide.mcu.externaltools.gnu-tools-for-stm32.7-2018-q2-update.win32_1.0.0.201904181610/tools/bin/../lib/gcc/arm-none-eabi/7.3.1/../../../../arm-none-eabi/lib/thumb/v7e-m/fpv4-sp/hard\libc_nano.a(lib_a-errno.o)
                              Core/Src/syscalls.o (__errno)
c:/st/stm32cubeide_1.3.0/stm32cubeide/plugins/com.st.stm32cube.ide.mcu.externaltools.gnu-tools-for-stm32.7-2018-q2-update.win32_1.0.0.201904181610/tools/bin/../lib/gcc/arm-none-eabi/7.3.1/../../../../arm-none-eabi/lib/thumb/v7e-m/fpv4-sp/hard\libc_nano.a(lib_a-exit.o)
                              c:/st/stm32cubeide_1.3.0/stm32cubeide/plugins/com.st.stm32cube.ide.mcu.externaltools.gnu-tools-for-stm32.7-2018-q2-update.win32_1.0.0.201904181610/tools/bin/../lib/gcc/arm-none-eabi/7.3.1/../../../../arm-none-eabi/lib/thumb/v7e-m/fpv4-sp/hard/crt0.o (exit)
c:/st/stm32cubeide_1.3.0/stm32cubeide/plugins/com.st.stm32cube.ide.mcu.externaltools.gnu-tools-for-stm32.7-2018-q2-update.win32_1.0.0.201904181610/tools/bin/../lib/gcc/arm-none-eabi/7.3.1/../../../../arm-none-eabi/lib/thumb/v7e-m/fpv4-sp/hard\libc_nano.a(lib_a-impure.o)
                              c:/st/stm32cubeide_1.3.0/stm32cubeide/plugins/com.st.stm32cube.ide.mcu.externaltools.gnu-tools-for-stm32.7-2018-q2-update.win32_1.0.0.201904181610/tools/bin/../lib/gcc/arm-none-eabi/7.3.1/../../../../arm-none-eabi/lib/thumb/v7e-m/fpv4-sp/hard\libc_nano.a(lib_a-exit.o) (_global_impure_ptr)
c:/st/stm32cubeide_1.3.0/stm32cubeide/plugins/com.st.stm32cube.ide.mcu.externaltools.gnu-tools-for-stm32.7-2018-q2-update.win32_1.0.0.201904181610/tools/bin/../lib/gcc/arm-none-eabi/7.3.1/../../../../arm-none-eabi/lib/thumb/v7e-m/fpv4-sp/hard\libc_nano.a(lib_a-init.o)
                              c:/st/stm32cubeide_1.3.0/stm32cubeide/plugins/com.st.stm32cube.ide.mcu.externaltools.gnu-tools-for-stm32.7-2018-q2-update.win32_1.0.0.201904181610/tools/bin/../lib/gcc/arm-none-eabi/7.3.1/../../../../arm-none-eabi/lib/thumb/v7e-m/fpv4-sp/hard/crt0.o (__libc_init_array)
c:/st/stm32cubeide_1.3.0/stm32cubeide/plugins/com.st.stm32cube.ide.mcu.externaltools.gnu-tools-for-stm32.7-2018-q2-update.win32_1.0.0.201904181610/tools/bin/../lib/gcc/arm-none-eabi/7.3.1/../../../../arm-none-eabi/lib/thumb/v7e-m/fpv4-sp/hard\libc_nano.a(lib_a-memset.o)
                              c:/st/stm32cubeide_1.3.0/stm32cubeide/plugins/com.st.stm32cube.ide.mcu.externaltools.gnu-tools-for-stm32.7-2018-q2-update.win32_1.0.0.201904181610/tools/bin/../lib/gcc/arm-none-eabi/7.3.1/../../../../arm-none-eabi/lib/thumb/v7e-m/fpv4-sp/hard/crt0.o (memset)
c:/st/stm32cubeide_1.3.0/stm32cubeide/plugins/com.st.stm32cube.ide.mcu.externaltools.gnu-tools-for-stm32.7-2018-q2-update.win32_1.0.0.201904181610/tools/bin/../lib/gcc/arm-none-eabi/7.3.1/thumb/v7e-m/fpv4-sp/hard\libgcc.a(_aeabi_uldivmod.o)
                              Drivers/STM32F4xx_HAL_Driver/Src/stm32f4xx_hal_rcc.o (__aeabi_uldivmod)
c:/st/stm32cubeide_1.3.0/stm32cubeide/plugins/com.st.stm32cube.ide.mcu.externaltools.gnu-tools-for-stm32.7-2018-q2-update.win32_1.0.0.201904181610/tools/bin/../lib/gcc/arm-none-eabi/7.3.1/thumb/v7e-m/fpv4-sp/hard\libgcc.a(_udivmoddi4.o)
                              c:/st/stm32cubeide_1.3.0/stm32cubeide/plugins/com.st.stm32cube.ide.mcu.externaltools.gnu-tools-for-stm32.7-2018-q2-update.win32_1.0.0.201904181610/tools/bin/../lib/gcc/arm-none-eabi/7.3.1/thumb/v7e-m/fpv4-sp/hard\libgcc.a(_aeabi_uldivmod.o) (__udivmoddi4)
c:/st/stm32cubeide_1.3.0/stm32cubeide/plugins/com.st.stm32cube.ide.mcu.externaltools.gnu-tools-for-stm32.7-2018-q2-update.win32_1.0.0.201904181610/tools/bin/../lib/gcc/arm-none-eabi/7.3.1/thumb/v7e-m/fpv4-sp/hard\libgcc.a(_dvmd_tls.o)
                              c:/st/stm32cubeide_1.3.0/stm32cubeide/plugins/com.st.stm32cube.ide.mcu.externaltools.gnu-tools-for-stm32.7-2018-q2-update.win32_1.0.0.201904181610/tools/bin/../lib/gcc/arm-none-eabi/7.3.1/thumb/v7e-m/fpv4-sp/hard\libgcc.a(_aeabi_uldivmod.o) (__aeabi_ldiv0)

Allocating common symbols
Common symbol       size              file

Sprites_Data        0x5c8             Core/Src/main.o
Row                 0x40              Core/Src/main.o
hdma_memtomem_dma2_stream0
                    0x60              Core/Src/main.o
uwTick              0x4               Drivers/STM32F4xx_HAL_Driver/Src/stm32f4xx_hal.o
pFlash              0x20              Drivers/STM32F4xx_HAL_Driver/Src/stm32f4xx_hal_flash.o
htim3               0x40              Core/Src/main.o
hdma_spi3_tx        0x60              Core/Src/main.o
prevRowxCoord       0x4               Core/Src/main.o
xPosM               0x4               Core/Src/main.o
buttonD_pressed     0x1               Core/Src/main.o
invGrid             0x120             Core/Src/main.o
clearDone           0x1               Core/Src/main.o
prevRowxCoordR      0x4               Core/Src/main.o
xPosloop            0x4               Core/Src/main.o
[...]
Memory Configuration

Name             Origin             Length             Attributes
RAM              0x0000000020000000 0x0000000000020000 xrw
FLASH            0x0000000008000000 0x0000000000080000 xr
*default*        0x0000000000000000 0xffffffffffffffff

Linker script and memory map

LOAD c:/st/stm32cubeide_1.3.0/stm32cubeide/plugins/com.st.stm32cube.ide.mcu.externaltools.gnu-tools-for-stm32.7-2018-q2-update.win32_1.0.0.201904181610/tools/bin/../lib/gcc/arm-none-eabi/7.3.1/thumb/v7e-m/fpv4-sp/hard/crti.o
LOAD c:/st/stm32cubeide_1.3.0/stm32cubeide/plugins/com.st.stm32cube.ide.mcu.externaltools.gnu-tools-for-stm32.7-2018-q2-update.win32_1.0.0.201904181610/tools/bin/../lib/gcc/arm-none-eabi/7.3.1/thumb/v7e-m/fpv4-sp/hard/crtbegin.o
LOAD c:/st/stm32cubeide_1.3.0/stm32cubeide/plugins/com.st.stm32cube.ide.mcu.externaltools.gnu-tools-for-stm32.7-2018-q2-update.win32_1.0.0.201904181610/tools/bin/../lib/gcc/arm-none-eabi/7.3.1/../../../../arm-none-eabi/lib/thumb/v7e-m/fpv4-sp/hard/crt0.o
LOAD Core/Src/Sprites.o
LOAD Core/Src/main.o
LOAD Core/Src/stm32f4xx_hal_msp.o
LOAD Core/Src/stm32f4xx_it.o
LOAD Core/Src/syscalls.o
LOAD Core/Src/sysmem.o
LOAD Core/Src/system_stm32f4xx.o
LOAD Core/Startup/startup_stm32f411vetx.o
LOAD Drivers/STM32F4xx_HAL_Driver/Src/stm32f4xx_hal.o
LOAD Drivers/STM32F4xx_HAL_Driver/Src/stm32f4xx_hal_cortex.o
LOAD Drivers/STM32F4xx_HAL_Driver/Src/stm32f4xx_hal_dma.o
LOAD Drivers/STM32F4xx_HAL_Driver/Src/stm32f4xx_hal_dma_ex.o
LOAD Drivers/STM32F4xx_HAL_Driver/Src/stm32f4xx_hal_exti.o
LOAD Drivers/STM32F4xx_HAL_Driver/Src/stm32f4xx_hal_flash.o
LOAD Drivers/STM32F4xx_HAL_Driver/Src/stm32f4xx_hal_flash_ex.o
LOAD Drivers/STM32F4xx_HAL_Driver/Src/stm32f4xx_hal_flash_ramfunc.o
LOAD Drivers/STM32F4xx_HAL_Driver/Src/stm32f4xx_hal_gpio.o
LOAD Drivers/STM32F4xx_HAL_Driver/Src/stm32f4xx_hal_i2s.o
LOAD Drivers/STM32F4xx_HAL_Driver/Src/stm32f4xx_hal_i2s_ex.o
LOAD Drivers/STM32F4xx_HAL_Driver/Src/stm32f4xx_hal_pwr.o
LOAD Drivers/STM32F4xx_HAL_Driver/Src/stm32f4xx_hal_pwr_ex.o
LOAD Drivers/STM32F4xx_HAL_Driver/Src/stm32f4xx_hal_rcc.o
LOAD Drivers/STM32F4xx_HAL_Driver/Src/stm32f4xx_hal_rcc_ex.o
LOAD Drivers/STM32F4xx_HAL_Driver/Src/stm32f4xx_hal_tim.o
LOAD Drivers/STM32F4xx_HAL_Driver/Src/stm32f4xx_hal_tim_ex.o
START GROUP
LOAD c:/st/stm32cubeide_1.3.0/stm32cubeide/plugins/com.st.stm32cube.ide.mcu.externaltools.gnu-tools-for-stm32.7-2018-q2-update.win32_1.0.0.201904181610/tools/bin/../lib/gcc/arm-none-eabi/7.3.1/../../../../arm-none-eabi/lib/thumb/v7e-m/fpv4-sp/hard\libc_nano.a
LOAD c:/st/stm32cubeide_1.3.0/stm32cubeide/plugins/com.st.stm32cube.ide.mcu.externaltools.gnu-tools-for-stm32.7-2018-q2-update.win32_1.0.0.201904181610/tools/bin/../lib/gcc/arm-none-eabi/7.3.1/../../../../arm-none-eabi/lib/thumb/v7e-m/fpv4-sp/hard\libm.a
END GROUP
START GROUP
LOAD c:/st/stm32cubeide_1.3.0/stm32cubeide/plugins/com.st.stm32cube.ide.mcu.externaltools.gnu-tools-for-stm32.7-2018-q2-update.win32_1.0.0.201904181610/tools/bin/../lib/gcc/arm-none-eabi/7.3.1/thumb/v7e-m/fpv4-sp/hard\libgcc.a
LOAD c:/st/stm32cubeide_1.3.0/stm32cubeide/plugins/com.st.stm32cube.ide.mcu.externaltools.gnu-tools-for-stm32.7-2018-q2-update.win32_1.0.0.201904181610/tools/bin/../lib/gcc/arm-none-eabi/7.3.1/../../../../arm-none-eabi/lib/thumb/v7e-m/fpv4-sp/hard\libc_nano.a
END GROUP
START GROUP
LOAD c:/st/stm32cubeide_1.3.0/stm32cubeide/plugins/com.st.stm32cube.ide.mcu.externaltools.gnu-tools-for-stm32.7-2018-q2-update.win32_1.0.0.201904181610/tools/bin/../lib/gcc/arm-none-eabi/7.3.1/thumb/v7e-m/fpv4-sp/hard\libgcc.a
LOAD c:/st/stm32cubeide_1.3.0/stm32cubeide/plugins/com.st.stm32cube.ide.mcu.externaltools.gnu-tools-for-stm32.7-2018-q2-update.win32_1.0.0.201904181610/tools/bin/../lib/gcc/arm-none-eabi/7.3.1/../../../../arm-none-eabi/lib/thumb/v7e-m/fpv4-sp/hard\libc_nano.a
LOAD c:/st/stm32cubeide_1.3.0/stm32cubeide/plugins/com.st.stm32cube.ide.mcu.externaltools.gnu-tools-for-stm32.7-2018-q2-update.win32_1.0.0.201904181610/tools/bin/../lib/gcc/arm-none-eabi/7.3.1/../../../../arm-none-eabi/lib/thumb/v7e-m/fpv4-sp/hard\libnosys.a
END GROUP
START GROUP
LOAD c:/st/stm32cubeide_1.3.0/stm32cubeide/plugins/com.st.stm32cube.ide.mcu.externaltools.gnu-tools-for-stm32.7-2018-q2-update.win32_1.0.0.201904181610/tools/bin/../lib/gcc/arm-none-eabi/7.3.1/thumb/v7e-m/fpv4-sp/hard\libgcc.a
LOAD c:/st/stm32cubeide_1.3.0/stm32cubeide/plugins/com.st.stm32cube.ide.mcu.externaltools.gnu-tools-for-stm32.7-2018-q2-update.win32_1.0.0.201904181610/tools/bin/../lib/gcc/arm-none-eabi/7.3.1/../../../../arm-none-eabi/lib/thumb/v7e-m/fpv4-sp/hard\libc_nano.a
LOAD c:/st/stm32cubeide_1.3.0/stm32cubeide/plugins/com.st.stm32cube.ide.mcu.externaltools.gnu-tools-for-stm32.7-2018-q2-update.win32_1.0.0.201904181610/tools/bin/../lib/gcc/arm-none-eabi/7.3.1/../../../../arm-none-eabi/lib/thumb/v7e-m/fpv4-sp/hard\libnosys.a
END GROUP
LOAD c:/st/stm32cubeide_1.3.0/stm32cubeide/plugins/com.st.stm32cube.ide.mcu.externaltools.gnu-tools-for-stm32.7-2018-q2-update.win32_1.0.0.201904181610/tools/bin/../lib/gcc/arm-none-eabi/7.3.1/thumb/v7e-m/fpv4-sp/hard/crtend.o
LOAD c:/st/stm32cubeide_1.3.0/stm32cubeide/plugins/com.st.stm32cube.ide.mcu.externaltools.gnu-tools-for-stm32.7-2018-q2-update.win32_1.0.0.201904181610/tools/bin/../lib/gcc/arm-none-eabi/7.3.1/thumb/v7e-m/fpv4-sp/hard/crtn.o
                0x0000000020020000                _estack = (ORIGIN (RAM) + LENGTH (RAM))
                0x0000000000000200                _Min_Heap_Size = 0x200
                0x0000000000000400                _Min_Stack_Size = 0x400

.isr_vector     0x0000000008000000      0x198
                0x0000000008000000                . = ALIGN (0x4)
 *(.isr_vector)
 .isr_vector    0x0000000008000000      0x198 Core/Startup/startup_stm32f411vetx.o
                0x0000000008000000                g_pfnVectors
                0x0000000008000198                . = ALIGN (0x4)

.text           0x0000000008000198     0x4f00
                0x0000000008000198                . = ALIGN (0x4)
 *(.text)
 .text          0x0000000008000198       0x40 c:/st/stm32cubeide_1.3.0/stm32cubeide/plugins/com.st.stm32cube.ide.mcu.externaltools.gnu-tools-for-stm32.7-2018-q2-update.win32_1.0.0.201904181610/tools/bin/../lib/gcc/arm-none-eabi/7.3.1/thumb/v7e-m/fpv4-sp/hard/crtbegin.o
 .text          0x00000000080001d8       0x30 c:/st/stm32cubeide_1.3.0/stm32cubeide/plugins/com.st.stm32cube.ide.mcu.externaltools.gnu-tools-for-stm32.7-2018-q2-update.win32_1.0.0.201904181610/tools/bin/../lib/gcc/arm-none-eabi/7.3.1/thumb/v7e-m/fpv4-sp/hard\libgcc.a(_aeabi_uldivmod.o)
                0x00000000080001d8                __aeabi_uldivmod
 .text          0x0000000008000208      0x2cc c:/st/stm32cubeide_1.3.0/stm32cubeide/plugins/com.st.stm32cube.ide.mcu.externaltools.gnu-tools-for-stm32.7-2018-q2-update.win32_1.0.0.201904181610/tools/bin/../lib/gcc/arm-none-eabi/7.3.1/thumb/v7e-m/fpv4-sp/hard\libgcc.a(_udivmoddi4.o)
                0x0000000008000208                __udivmoddi4
 .text          0x00000000080004d4        0x4 c:/st/stm32cubeide_1.3.0/stm32cubeide/plugins/com.st.stm32cube.ide.mcu.externaltools.gnu-tools-for-stm32.7-2018-q2-update.win32_1.0.0.201904181610/tools/bin/../lib/gcc/arm-none-eabi/7.3.1/thumb/v7e-m/fpv4-sp/hard\libgcc.a(_dvmd_tls.o)
                0x00000000080004d4                __aeabi_idiv0
                0x00000000080004d4                __aeabi_ldiv0
 *(.text*)
 .text.Sprite2Mem
                0x00000000080004d8       0xd0 Core/Src/Sprites.o
                0x00000000080004d8                Sprite2Mem
 .text.LDRSprites
                0x00000000080005a8       0x6c Core/Src/Sprites.o
                0x00000000080005a8                LDRSprites
 .text.FindSprite
                0x0000000008000614       0x74 Core/Src/Sprites.o
                0x0000000008000614                FindSprite
 .text.updateScreen
                0x0000000008000688      0x1c8 Core/Src/main.o
                0x0000000008000688                updateScreen
 .text.resetGame
                0x0000000008000850      0x290 Core/Src/main.o
                0x0000000008000850                resetGame
 .text.displayint
                0x0000000008000ae0       0xb4 Core/Src/main.o
                0x0000000008000ae0                displayint
 .text.shootMissileINV
                0x0000000008000b94      0x178 Core/Src/main.o
                0x0000000008000b94                shootMissileINV
 .text.shootMissile
                0x0000000008000d0c       0x70 Core/Src/main.o
                0x0000000008000d0c                shootMissile
 .text.moveInvaders
                0x0000000008000d7c       0xb8 Core/Src/main.o
                0x0000000008000d7c                moveInvaders
 .text.emptyColCheck
                0x0000000008000e34      0x118 Core/Src/main.o
                0x0000000008000e34                emptyColCheck
 .text.emptyRowCheck
                0x0000000008000f4c      0x10c Core/Src/main.o
                0x0000000008000f4c                emptyRowCheck
 .text.yoffsetFunc
                0x0000000008001058       0xa0 Core/Src/main.o
                0x0000000008001058                yoffsetFunc
 .text.offsetFunc
                0x00000000080010f8      0x42c Core/Src/main.o
                0x00000000080010f8                offsetFunc
 .text.shiftDown
                0x0000000008001524       0x94 Core/Src/main.o
                0x0000000008001524                shiftDown
 .text.drawInvaders
                0x00000000080015b8      0x360 Core/Src/main.o
                0x00000000080015b8                drawInvaders
 .text.screenClear
                0x0000000008001918       0x90 Core/Src/main.o
                0x0000000008001918                screenClear
 .text.HAL_GPIO_EXTI_Callback
                0x00000000080019a8       0x7c Core/Src/main.o
                0x00000000080019a8                HAL_GPIO_EXTI_Callback
 .text.main     0x0000000008001a24      0x208 Core/Src/main.o
                0x0000000008001a24                main
 .text.SystemClock_Config
                0x0000000008001c2c      0x110 Core/Src/main.o
                0x0000000008001c2c                SystemClock_Config
 .text.MX_I2S3_Init
                0x0000000008001d3c       0x5c Core/Src/main.o
 .text.MX_TIM3_Init
                0x0000000008001d98       0x9c Core/Src/main.o
 .text.MX_DMA_Init
                0x0000000008001e34       0xd8 Core/Src/main.o
 .text.MX_GPIO_Init
                0x0000000008001f0c      0x130 Core/Src/main.o
 .text.BitBlitNew
                0x000000000800203c       0x7c Core/Src/main.o
                0x000000000800203c                BitBlitNew
 .text.BitBlitTitleScreen
                0x00000000080020b8       0x58 Core/Src/main.o
                0x00000000080020b8                BitBlitTitleScreen
 .text.BitBlitEndingScreen
                0x0000000008002110       0x58 Core/Src/main.o
                0x0000000008002110                BitBlitEndingScreen
 .text.Error_Handler
                0x0000000008002168        0xe Core/Src/main.o
                0x0000000008002168                Error_Handler
 *fill*         0x0000000008002176        0x2 
 .text.HAL_MspInit
                0x0000000008002178       0x50 Core/Src/stm32f4xx_hal_msp.o
                0x0000000008002178                HAL_MspInit
 .text.HAL_I2S_MspInit
                0x00000000080021c8      0x138 Core/Src/stm32f4xx_hal_msp.o
                0x00000000080021c8                HAL_I2S_MspInit
 .text.HAL_TIM_Base_MspInit
                0x0000000008002300       0xa0 Core/Src/stm32f4xx_hal_msp.o
                0x0000000008002300                HAL_TIM_Base_MspInit
 .text.NMI_Handler
                0x00000000080023a0        0xe Core/Src/stm32f4xx_it.o
                0x00000000080023a0                NMI_Handler
 .text.HardFault_Handler
                0x00000000080023ae        0x6 Core/Src/stm32f4xx_it.o
                0x00000000080023ae                HardFault_Handler
 .text.MemManage_Handler
                0x00000000080023b4        0x6 Core/Src/stm32f4xx_it.o
                0x00000000080023b4                MemManage_Handler
 .text.BusFault_Handler
                0x00000000080023ba        0x6 Core/Src/stm32f4xx_it.o
                0x00000000080023ba                BusFault_Handler
 .text.UsageFault_Handler
                0x00000000080023c0        0x6 Core/Src/stm32f4xx_it.o
                0x00000000080023c0                UsageFault_Handler
 .text.SVC_Handler
                0x00000000080023c6        0xe Core/Src/stm32f4xx_it.o
                0x00000000080023c6                SVC_Handler
 .text.DebugMon_Handler
                0x00000000080023d4        0xe Core/Src/stm32f4xx_it.o
                0x00000000080023d4                DebugMon_Handler
 .text.PendSV_Handler
                0x00000000080023e2        0xe Core/Src/stm32f4xx_it.o
                0x00000000080023e2                PendSV_Handler
 .text.SysTick_Handler
                0x00000000080023f0        0xc Core/Src/stm32f4xx_it.o
                0x00000000080023f0                SysTick_Handler
 .text.EXTI1_IRQHandler
                0x00000000080023fc        0xe Core/Src/stm32f4xx_it.o
                0x00000000080023fc                EXTI1_IRQHandler
 *fill*         0x000000000800240a        0x2 
 .text.EXTI4_IRQHandler
                0x000000000800240c       0x18 Core/Src/stm32f4xx_it.o
                0x000000000800240c                EXTI4_IRQHandler
 .text.DMA1_Stream5_IRQHandler
                0x0000000008002424       0x14 Core/Src/stm32f4xx_it.o
                0x0000000008002424                DMA1_Stream5_IRQHandler
 .text.EXTI9_5_IRQHandler
                0x0000000008002438       0x10 Core/Src/stm32f4xx_it.o
                0x0000000008002438                EXTI9_5_IRQHandler
 .text.TIM3_IRQHandler
                0x0000000008002448       0x1c Core/Src/stm32f4xx_it.o
                0x0000000008002448                TIM3_IRQHandler
 .text.EXTI15_10_IRQHandler
                0x0000000008002464       0x10 Core/Src/stm32f4xx_it.o
                0x0000000008002464                EXTI15_10_IRQHandler
 .text.DMA2_Stream0_IRQHandler
                0x0000000008002474       0x28 Core/Src/stm32f4xx_it.o
                0x0000000008002474                DMA2_Stream0_IRQHandler
 .text.SystemInit
                0x000000000800249c       0x2c Core/Src/system_stm32f4xx.o
                0x000000000800249c                SystemInit
 .text.Reset_Handler
                0x00000000080024c8       0x50 Core/Startup/startup_stm32f411vetx.o
                0x00000000080024c8                Reset_Handler
 .text.Default_Handler
                0x0000000008002518        0x2 Core/Startup/startup_stm32f411vetx.o
                0x0000000008002518                RTC_Alarm_IRQHandler
                0x0000000008002518                EXTI2_IRQHandler
                0x0000000008002518                SPI4_IRQHandler
                0x0000000008002518                TIM1_CC_IRQHandler
                0x0000000008002518                DMA2_Stream5_IRQHandler
                0x0000000008002518                PVD_IRQHandler
                0x0000000008002518                SDIO_IRQHandler
                0x0000000008002518                TAMP_STAMP_IRQHandler
                0x0000000008002518                EXTI3_IRQHandler
                0x0000000008002518                TIM1_UP_TIM10_IRQHandler
                0x0000000008002518                I2C3_ER_IRQHandler
                0x0000000008002518                EXTI0_IRQHandler
                0x0000000008002518                I2C2_EV_IRQHandler
                0x0000000008002518                DMA1_Stream2_IRQHandler
                0x0000000008002518                FPU_IRQHandler
                0x0000000008002518                DMA2_Stream2_IRQHandler
                0x0000000008002518                SPI1_IRQHandler
                0x0000000008002518                TIM1_BRK_TIM9_IRQHandler
                0x0000000008002518                DMA2_Stream3_IRQHandler
                0x0000000008002518                USART6_IRQHandler
                0x0000000008002518                TIM4_IRQHandler
                0x0000000008002518                I2C1_EV_IRQHandler
                0x0000000008002518                DMA1_Stream6_IRQHandler
                0x0000000008002518                DMA1_Stream1_IRQHandler
                0x0000000008002518                RCC_IRQHandler
                0x0000000008002518                Default_Handler
                0x0000000008002518                ADC_IRQHandler
                0x0000000008002518                DMA1_Stream7_IRQHandler
                0x0000000008002518                SPI5_IRQHandler
                0x0000000008002518                TIM5_IRQHandler
                0x0000000008002518                DMA2_Stream7_IRQHandler
                0x0000000008002518                I2C3_EV_IRQHandler
                0x0000000008002518                RTC_WKUP_IRQHandler
                0x0000000008002518                SPI2_IRQHandler
                0x0000000008002518                DMA1_Stream0_IRQHandler
                0x0000000008002518                WWDG_IRQHandler
                0x0000000008002518                TIM2_IRQHandler
                0x0000000008002518                OTG_FS_WKUP_IRQHandler
                0x0000000008002518                TIM1_TRG_COM_TIM11_IRQHandler
                0x0000000008002518                USART2_IRQHandler
                0x0000000008002518                I2C2_ER_IRQHandler
                0x0000000008002518                DMA2_Stream1_IRQHandler
                0x0000000008002518                FLASH_IRQHandler
                0x0000000008002518                DMA2_Stream4_IRQHandler
                0x0000000008002518                USART1_IRQHandler
                0x0000000008002518                OTG_FS_IRQHandler
                0x0000000008002518                SPI3_IRQHandler
                0x0000000008002518                DMA1_Stream4_IRQHandler
                0x0000000008002518                I2C1_ER_IRQHandler
                0x0000000008002518                DMA2_Stream6_IRQHandler
                0x0000000008002518                DMA1_Stream3_IRQHandler
 *fill*         0x000000000800251a        0x2 
 .text.HAL_Init
                0x000000000800251c       0x44 Drivers/STM32F4xx_HAL_Driver/Src/stm32f4xx_hal.o
                0x000000000800251c                HAL_Init
 .text.HAL_InitTick
                0x0000000008002560       0x60 Drivers/STM32F4xx_HAL_Driver/Src/stm32f4xx_hal.o
                0x0000000008002560                HAL_InitTick
 .text.HAL_IncTick
                0x00000000080025c0       0x28 Drivers/STM32F4xx_HAL_Driver/Src/stm32f4xx_hal.o
                0x00000000080025c0                HAL_IncTick
 .text.HAL_GetTick
                0x00000000080025e8       0x18 Drivers/STM32F4xx_HAL_Driver/Src/stm32f4xx_hal.o
                0x00000000080025e8                HAL_GetTick
 .text.HAL_Delay
                0x0000000008002600       0x44 Drivers/STM32F4xx_HAL_Driver/Src/stm32f4xx_hal.o
                0x0000000008002600                HAL_Delay
 .text.__NVIC_SetPriorityGrouping
                0x0000000008002644       0x48 Drivers/STM32F4xx_HAL_Driver/Src/stm32f4xx_hal_cortex.o
 .text.__NVIC_GetPriorityGrouping
                0x000000000800268c       0x1c Drivers/STM32F4xx_HAL_Driver/Src/stm32f4xx_hal_cortex.o
 .text.__NVIC_EnableIRQ
                0x00000000080026a8       0x3c Drivers/STM32F4xx_HAL_Driver/Src/stm32f4xx_hal_cortex.o
 .text.__NVIC_SetPriority
                0x00000000080026e4       0x54 Drivers/STM32F4xx_HAL_Driver/Src/stm32f4xx_hal_cortex.o
 .text.NVIC_EncodePriority
                0x0000000008002738       0x66 Drivers/STM32F4xx_HAL_Driver/Src/stm32f4xx_hal_cortex.o
 *fill*         0x000000000800279e        0x2 
 .text.SysTick_Config
                0x00000000080027a0       0x44 Drivers/STM32F4xx_HAL_Driver/Src/stm32f4xx_hal_cortex.o
 .text.HAL_NVIC_SetPriorityGrouping
                0x00000000080027e4       0x16 Drivers/STM32F4xx_HAL_Driver/Src/stm32f4xx_hal_cortex.o
                0x00000000080027e4                HAL_NVIC_SetPriorityGrouping
 .text.HAL_NVIC_SetPriority
                0x00000000080027fa       0x38 Drivers/STM32F4xx_HAL_Driver/Src/stm32f4xx_hal_cortex.o
                0x00000000080027fa                HAL_NVIC_SetPriority
 .text.HAL_NVIC_EnableIRQ
                0x0000000008002832       0x1c Drivers/STM32F4xx_HAL_Driver/Src/stm32f4xx_hal_cortex.o
                0x0000000008002832                HAL_NVIC_EnableIRQ
 .text.HAL_SYSTICK_Config
                0x000000000800284e       0x18 Drivers/STM32F4xx_HAL_Driver/Src/stm32f4xx_hal_cortex.o
                0x000000000800284e                HAL_SYSTICK_Config
 *fill*         0x0000000008002866        0x2 
 .text.HAL_DMA_Init
                0x0000000008002868      0x15c Drivers/STM32F4xx_HAL_Driver/Src/stm32f4xx_hal_dma.o
                0x0000000008002868                HAL_DMA_Init
 .text.HAL_DMA_Start_IT
                0x00000000080029c4       0xb0 Drivers/STM32F4xx_HAL_Driver/Src/stm32f4xx_hal_dma.o
                0x00000000080029c4                HAL_DMA_Start_IT
 .text.HAL_DMA_IRQHandler
                0x0000000008002a74      0x314 Drivers/STM32F4xx_HAL_Driver/Src/stm32f4xx_hal_dma.o
                0x0000000008002a74                HAL_DMA_IRQHandler
 .text.DMA_SetConfig
                0x0000000008002d88       0x5c Drivers/STM32F4xx_HAL_Driver/Src/stm32f4xx_hal_dma.o
 .text.DMA_CalcBaseAndBitshift
                0x0000000008002de4       0x6c Drivers/STM32F4xx_HAL_Driver/Src/stm32f4xx_hal_dma.o
 .text.DMA_CheckFifoParam
                0x0000000008002e50       0xf4 Drivers/STM32F4xx_HAL_Driver/Src/stm32f4xx_hal_dma.o
 .text.HAL_GPIO_Init
                0x0000000008002f44      0x304 Drivers/STM32F4xx_HAL_Driver/Src/stm32f4xx_hal_gpio.o
                0x0000000008002f44                HAL_GPIO_Init
 .text.HAL_GPIO_EXTI_IRQHandler
                0x0000000008003248       0x30 Drivers/STM32F4xx_HAL_Driver/Src/stm32f4xx_hal_gpio.o
                0x0000000008003248                HAL_GPIO_EXTI_IRQHandler
 .text.HAL_I2S_Init
                0x0000000008003278      0x280 Drivers/STM32F4xx_HAL_Driver/Src/stm32f4xx_hal_i2s.o
                0x0000000008003278                HAL_I2S_Init
 .text.HAL_I2S_Transmit_DMA
                0x00000000080034f8      0x150 Drivers/STM32F4xx_HAL_Driver/Src/stm32f4xx_hal_i2s.o
                0x00000000080034f8                HAL_I2S_Transmit_DMA
 .text.HAL_I2S_TxHalfCpltCallback
                0x0000000008003648       0x14 Drivers/STM32F4xx_HAL_Driver/Src/stm32f4xx_hal_i2s.o
                0x0000000008003648                HAL_I2S_TxHalfCpltCallback
 .text.HAL_I2S_TxCpltCallback
                0x000000000800365c       0x14 Drivers/STM32F4xx_HAL_Driver/Src/stm32f4xx_hal_i2s.o
                0x000000000800365c                HAL_I2S_TxCpltCallback
 .text.HAL_I2S_RxCpltCallback
                0x0000000008003670       0x14 Drivers/STM32F4xx_HAL_Driver/Src/stm32f4xx_hal_i2s.o
                0x0000000008003670                HAL_I2S_RxCpltCallback
 .text.HAL_I2S_ErrorCallback
                0x0000000008003684       0x14 Drivers/STM32F4xx_HAL_Driver/Src/stm32f4xx_hal_i2s.o
                0x0000000008003684                HAL_I2S_ErrorCallback
 .text.I2S_DMATxCplt
                0x0000000008003698       0x42 Drivers/STM32F4xx_HAL_Driver/Src/stm32f4xx_hal_i2s.o
 .text.I2S_DMATxHalfCplt
                0x00000000080036da       0x1c Drivers/STM32F4xx_HAL_Driver/Src/stm32f4xx_hal_i2s.o
 .text.I2S_DMAError
                0x00000000080036f6       0x4c Drivers/STM32F4xx_HAL_Driver/Src/stm32f4xx_hal_i2s.o
 .text.I2S_Transmit_IT
                0x0000000008003742       0x5c Drivers/STM32F4xx_HAL_Driver/Src/stm32f4xx_hal_i2s.o
 .text.I2S_Receive_IT
                0x000000000800379e       0x5e Drivers/STM32F4xx_HAL_Driver/Src/stm32f4xx_hal_i2s.o
 .text.I2S_IRQHandler
                0x00000000080037fc      0x114 Drivers/STM32F4xx_HAL_Driver/Src/stm32f4xx_hal_i2s.o
 .text.HAL_I2SEx_FullDuplex_IRQHandler
                0x0000000008003910      0x2a8 Drivers/STM32F4xx_HAL_Driver/Src/stm32f4xx_hal_i2s_ex.o
                0x0000000008003910                HAL_I2SEx_FullDuplex_IRQHandler
 .text.HAL_I2SEx_TxRxCpltCallback
                0x0000000008003bb8       0x14 Drivers/STM32F4xx_HAL_Driver/Src/stm32f4xx_hal_i2s_ex.o
                0x0000000008003bb8                HAL_I2SEx_TxRxCpltCallback
 .text.I2SEx_TxISR_I2S
                0x0000000008003bcc       0x62 Drivers/STM32F4xx_HAL_Driver/Src/stm32f4xx_hal_i2s_ex.o
 *fill*         0x0000000008003c2e        0x2 
 .text.I2SEx_TxISR_I2SExt
                0x0000000008003c30       0x98 Drivers/STM32F4xx_HAL_Driver/Src/stm32f4xx_hal_i2s_ex.o
 .text.I2SEx_RxISR_I2S
                0x0000000008003cc8       0x64 Drivers/STM32F4xx_HAL_Driver/Src/stm32f4xx_hal_i2s_ex.o
 .text.I2SEx_RxISR_I2SExt
                0x0000000008003d2c       0x98 Drivers/STM32F4xx_HAL_Driver/Src/stm32f4xx_hal_i2s_ex.o
 .text.HAL_RCC_OscConfig
                0x0000000008003dc4      0x4e0 Drivers/STM32F4xx_HAL_Driver/Src/stm32f4xx_hal_rcc.o
                0x0000000008003dc4                HAL_RCC_OscConfig
 .text.HAL_RCC_ClockConfig
                0x00000000080042a4      0x1cc Drivers/STM32F4xx_HAL_Driver/Src/stm32f4xx_hal_rcc.o
                0x00000000080042a4                HAL_RCC_ClockConfig
 .text.HAL_RCC_GetSysClockFreq
                0x0000000008004470      0x164 Drivers/STM32F4xx_HAL_Driver/Src/stm32f4xx_hal_rcc.o
                0x0000000008004470                HAL_RCC_GetSysClockFreq
 .text.HAL_RCCEx_PeriphCLKConfig
                0x00000000080045d4      0x1e0 Drivers/STM32F4xx_HAL_Driver/Src/stm32f4xx_hal_rcc_ex.o
                0x00000000080045d4                HAL_RCCEx_PeriphCLKConfig
 .text.HAL_RCCEx_GetPeriphCLKFreq
                0x00000000080047b4       0xbc Drivers/STM32F4xx_HAL_Driver/Src/stm32f4xx_hal_rcc_ex.o
                0x00000000080047b4                HAL_RCCEx_GetPeriphCLKFreq
 .text.HAL_TIM_Base_Init
                0x0000000008004870       0x56 Drivers/STM32F4xx_HAL_Driver/Src/stm32f4xx_hal_tim.o
                0x0000000008004870                HAL_TIM_Base_Init
 .text.HAL_TIM_Base_Start_IT
                0x00000000080048c6       0x48 Drivers/STM32F4xx_HAL_Driver/Src/stm32f4xx_hal_tim.o
                0x00000000080048c6                HAL_TIM_Base_Start_IT
 .text.HAL_TIM_IRQHandler
                0x000000000800490e      0x210 Drivers/STM32F4xx_HAL_Driver/Src/stm32f4xx_hal_tim.o
                0x000000000800490e                HAL_TIM_IRQHandler
 .text.HAL_TIM_ConfigClockSource
                0x0000000008004b1e      0x16e Drivers/STM32F4xx_HAL_Driver/Src/stm32f4xx_hal_tim.o
                0x0000000008004b1e                HAL_TIM_ConfigClockSource
 .text.HAL_TIM_PeriodElapsedCallback
                0x0000000008004c8c       0x14 Drivers/STM32F4xx_HAL_Driver/Src/stm32f4xx_hal_tim.o
                0x0000000008004c8c                HAL_TIM_PeriodElapsedCallback
 .text.HAL_TIM_OC_DelayElapsedCallback
                0x0000000008004ca0       0x14 Drivers/STM32F4xx_HAL_Driver/Src/stm32f4xx_hal_tim.o
                0x0000000008004ca0                HAL_TIM_OC_DelayElapsedCallback
 .text.HAL_TIM_IC_CaptureCallback
                0x0000000008004cb4       0x14 Drivers/STM32F4xx_HAL_Driver/Src/stm32f4xx_hal_tim.o
                0x0000000008004cb4                HAL_TIM_IC_CaptureCallback
 .text.HAL_TIM_PWM_PulseFinishedCallback
                0x0000000008004cc8       0x14 Drivers/STM32F4xx_HAL_Driver/Src/stm32f4xx_hal_tim.o
                0x0000000008004cc8                HAL_TIM_PWM_PulseFinishedCallback
 .text.HAL_TIM_TriggerCallback
                0x0000000008004cdc       0x14 Drivers/STM32F4xx_HAL_Driver/Src/stm32f4xx_hal_tim.o
                0x0000000008004cdc                HAL_TIM_TriggerCallback
 .text.TIM_Base_SetConfig
                0x0000000008004cf0      0x100 Drivers/STM32F4xx_HAL_Driver/Src/stm32f4xx_hal_tim.o
                0x0000000008004cf0                TIM_Base_SetConfig
 .text.TIM_TI1_ConfigInputStage
                0x0000000008004df0       0x5e Drivers/STM32F4xx_HAL_Driver/Src/stm32f4xx_hal_tim.o
 .text.TIM_TI2_ConfigInputStage
                0x0000000008004e4e       0x60 Drivers/STM32F4xx_HAL_Driver/Src/stm32f4xx_hal_tim.o
 .text.TIM_ITRx_SetConfig
                0x0000000008004eae       0x36 Drivers/STM32F4xx_HAL_Driver/Src/stm32f4xx_hal_tim.o
 .text.TIM_ETR_SetConfig
                0x0000000008004ee4       0x40 Drivers/STM32F4xx_HAL_Driver/Src/stm32f4xx_hal_tim.o
                0x0000000008004ee4                TIM_ETR_SetConfig
 .text.HAL_TIMEx_MasterConfigSynchronization
                0x0000000008004f24       0xdc Drivers/STM32F4xx_HAL_Driver/Src/stm32f4xx_hal_tim_ex.o
                0x0000000008004f24                HAL_TIMEx_MasterConfigSynchronization
 .text.HAL_TIMEx_CommutCallback
                0x0000000008005000       0x14 Drivers/STM32F4xx_HAL_Driver/Src/stm32f4xx_hal_tim_ex.o
                0x0000000008005000                HAL_TIMEx_CommutCallback
 .text.HAL_TIMEx_BreakCallback
                0x0000000008005014       0x14 Drivers/STM32F4xx_HAL_Driver/Src/stm32f4xx_hal_tim_ex.o
                0x0000000008005014                HAL_TIMEx_BreakCallback
 .text.__libc_init_array
                0x0000000008005028       0x48 c:/st/stm32cubeide_1.3.0/stm32cubeide/plugins/com.st.stm32cube.ide.mcu.externaltools.gnu-tools-for-stm32.7-2018-q2-update.win32_1.0.0.201904181610/tools/bin/../lib/gcc/arm-none-eabi/7.3.1/../../../../arm-none-eabi/lib/thumb/v7e-m/fpv4-sp/hard\libc_nano.a(lib_a-init.o)
                0x0000000008005028                __libc_init_array
 .text.memset   0x0000000008005070       0x10 c:/st/stm32cubeide_1.3.0/stm32cubeide/plugins/com.st.stm32cube.ide.mcu.externaltools.gnu-tools-for-stm32.7-2018-q2-update.win32_1.0.0.201904181610/tools/bin/../lib/gcc/arm-none-eabi/7.3.1/../../../../arm-none-eabi/lib/thumb/v7e-m/fpv4-sp/hard\libc_nano.a(lib_a-memset.o)
                0x0000000008005070                memset
 *(.glue_7)
 .glue_7        0x0000000008005080        0x0 linker stubs
 *(.glue_7t)
 .glue_7t       0x0000000008005080        0x0 linker stubs
 *(.eh_frame)
 .eh_frame      0x0000000008005080        0x0 c:/st/stm32cubeide_1.3.0/stm32cubeide/plugins/com.st.stm32cube.ide.mcu.externaltools.gnu-tools-for-stm32.7-2018-q2-update.win32_1.0.0.201904181610/tools/bin/../lib/gcc/arm-none-eabi/7.3.1/thumb/v7e-m/fpv4-sp/hard/crtbegin.o
 *(.init)
 .init          0x0000000008005080        0x4 c:/st/stm32cubeide_1.3.0/stm32cubeide/plugins/com.st.stm32cube.ide.mcu.externaltools.gnu-tools-for-stm32.7-2018-q2-update.win32_1.0.0.201904181610/tools/bin/../lib/gcc/arm-none-eabi/7.3.1/thumb/v7e-m/fpv4-sp/hard/crti.o
                0x0000000008005080                _init
 .init          0x0000000008005084        0x8 c:/st/stm32cubeide_1.3.0/stm32cubeide/plugins/com.st.stm32cube.ide.mcu.externaltools.gnu-tools-for-stm32.7-2018-q2-update.win32_1.0.0.201904181610/tools/bin/../lib/gcc/arm-none-eabi/7.3.1/thumb/v7e-m/fpv4-sp/hard/crtn.o
 *(.fini)
 .fini          0x000000000800508c        0x4 c:/st/stm32cubeide_1.3.0/stm32cubeide/plugins/com.st.stm32cube.ide.mcu.externaltools.gnu-tools-for-stm32.7-2018-q2-update.win32_1.0.0.201904181610/tools/bin/../lib/gcc/arm-none-eabi/7.3.1/thumb/v7e-m/fpv4-sp/hard/crti.o
                0x000000000800508c                _fini
 .fini          0x0000000008005090        0x8 c:/st/stm32cubeide_1.3.0/stm32cubeide/plugins/com.st.stm32cube.ide.mcu.externaltools.gnu-tools-for-stm32.7-2018-q2-update.win32_1.0.0.201904181610/tools/bin/../lib/gcc/arm-none-eabi/7.3.1/thumb/v7e-m/fpv4-sp/hard/crtn.o
                0x0000000008005098                . = ALIGN (0x4)
                0x0000000008005098                _etext = .

.vfp11_veneer   0x0000000008005098        0x0
 .vfp11_veneer  0x0000000008005098        0x0 linker stubs

.v4_bx          0x0000000008005098        0x0
 .v4_bx         0x0000000008005098        0x0 linker stubs

.iplt           0x0000000008005098        0x0
 .iplt          0x0000000008005098        0x0 c:/st/stm32cubeide_1.3.0/stm32cubeide/plugins/com.st.stm32cube.ide.mcu.externaltools.gnu-tools-for-stm32.7-2018-q2-update.win32_1.0.0.201904181610/tools/bin/../lib/gcc/arm-none-eabi/7.3.1/thumb/v7e-m/fpv4-sp/hard/crtbegin.o

.rodata         0x0000000008005098    0x15e40
                0x0000000008005098                . = ALIGN (0x4)
 *(.rodata)
 *(.rodata*)
 .rodata.digits
                0x0000000008005098      0x2d0 Core/Src/main.o
 .rodata.title  0x0000000008005368     0x1900 Core/Src/main.o
 .rodata.audio3
                0x0000000008006c68     0x3ca0 Core/Src/main.o
 .rodata.audio2
                0x000000000800a908     0xa2b8 Core/Src/main.o
 .rodata.audio1
                0x0000000008014bc0     0x6300 Core/Src/main.o
 .rodata.AHBPrescTable
                0x000000000801aec0       0x10 Core/Src/system_stm32f4xx.o
                0x000000000801aec0                AHBPrescTable
 .rodata.flagBitshiftOffset.7946
                0x000000000801aed0        0x8 Drivers/STM32F4xx_HAL_Driver/Src/stm32f4xx_hal_dma.o
                0x000000000801aed8                . = ALIGN (0x4)

.ARM.extab      0x000000000801aed8        0x0
                0x000000000801aed8                . = ALIGN (0x4)
 *(.ARM.extab* .gnu.linkonce.armextab.*)
                0x000000000801aed8                . = ALIGN (0x4)

.ARM            0x000000000801aed8        0x8
                0x000000000801aed8                . = ALIGN (0x4)
                0x000000000801aed8                __exidx_start = .
 *(.ARM.exidx*)
 .ARM.exidx     0x000000000801aed8        0x8 c:/st/stm32cubeide_1.3.0/stm32cubeide/plugins/com.st.stm32cube.ide.mcu.externaltools.gnu-tools-for-stm32.7-2018-q2-update.win32_1.0.0.201904181610/tools/bin/../lib/gcc/arm-none-eabi/7.3.1/thumb/v7e-m/fpv4-sp/hard\libgcc.a(_udivmoddi4.o)
                0x000000000801aee0                __exidx_end = .
                0x000000000801aee0                . = ALIGN (0x4)

.rel.dyn        0x000000000801aee0        0x0
 .rel.iplt      0x000000000801aee0        0x0 c:/st/stm32cubeide_1.3.0/stm32cubeide/plugins/com.st.stm32cube.ide.mcu.externaltools.gnu-tools-for-stm32.7-2018-q2-update.win32_1.0.0.201904181610/tools/bin/../lib/gcc/arm-none-eabi/7.3.1/thumb/v7e-m/fpv4-sp/hard/crtbegin.o

.preinit_array  0x000000000801aee0        0x0
                0x000000000801aee0                . = ALIGN (0x4)
                0x000000000801aee0                PROVIDE (__preinit_array_start = .)
 *(.preinit_array*)
                0x000000000801aee0                PROVIDE (__preinit_array_end = .)
                0x000000000801aee0                . = ALIGN (0x4)

.init_array     0x000000000801aee0        0x4
                0x000000000801aee0                . = ALIGN (0x4)
                0x000000000801aee0                PROVIDE (__init_array_start = .)
 *(SORT_BY_NAME(.init_array.*))
 *(.init_array*)
 .init_array    0x000000000801aee0        0x4 c:/st/stm32cubeide_1.3.0/stm32cubeide/plugins/com.st.stm32cube.ide.mcu.externaltools.gnu-tools-for-stm32.7-2018-q2-update.win32_1.0.0.201904181610/tools/bin/../lib/gcc/arm-none-eabi/7.3.1/thumb/v7e-m/fpv4-sp/hard/crtbegin.o
                0x000000000801aee4                PROVIDE (__init_array_end = .)
                0x000000000801aee4                . = ALIGN (0x4)

.fini_array     0x000000000801aee4        0x4
                0x000000000801aee4                . = ALIGN (0x4)
                [!provide]                        PROVIDE (__fini_array_start = .)
 *(SORT_BY_NAME(.fini_array.*))
 *(.fini_array*)
 .fini_array    0x000000000801aee4        0x4 c:/st/stm32cubeide_1.3.0/stm32cubeide/plugins/com.st.stm32cube.ide.mcu.externaltools.gnu-tools-for-stm32.7-2018-q2-update.win32_1.0.0.201904181610/tools/bin/../lib/gcc/arm-none-eabi/7.3.1/thumb/v7e-m/fpv4-sp/hard/crtbegin.o
                [!provide]                        PROVIDE (__fini_array_end = .)
                0x000000000801aee8                . = ALIGN (0x4)
                0x000000000801aee8                _sidata = LOADADDR (.data)

.data           0x0000000020000000    0x1aa78 load address 0x000000000801aee8
                0x0000000020000000                . = ALIGN (0x4)
                0x0000000020000000                _sdata = .
 *(.data)
 *(.data*)
 .data.Invader1
                0x0000000020000000       0x58 Core/Src/Sprites.o
                0x0000000020000000                Invader1
 .data.Invader2
                0x0000000020000058       0x40 Core/Src/Sprites.o
                0x0000000020000058                Invader2
 .data.Invader3
                0x0000000020000098       0x40 Core/Src/Sprites.o
                0x0000000020000098                Invader3
 .data.Ship     0x00000000200000d8       0x58 Core/Src/Sprites.o
                0x00000000200000d8                Ship
 .data.Missile  0x0000000020000130        0x4 Core/Src/Sprites.o
                0x0000000020000130                Missile
 .data.openingScreen
                0x0000000020000134     0xfa00 Core/Src/main.o
                0x0000000020000134                openingScreen
 .data.gameOver
                0x000000002000fb34     0xaf00 Core/Src/main.o
                0x000000002000fb34                gameOver
 .data.xPos     0x000000002001aa34        0x4 Core/Src/main.o
                0x000000002001aa34                xPos
 .data.yPos     0x000000002001aa38        0x4 Core/Src/main.o
                0x000000002001aa38                yPos
 .data.yPosM    0x000000002001aa3c        0x4 Core/Src/main.o
                0x000000002001aa3c                yPosM
 .data.countRand
                0x000000002001aa40        0x4 Core/Src/main.o
                0x000000002001aa40                countRand
 .data.rowToMove
                0x000000002001aa44        0x4 Core/Src/main.o
                0x000000002001aa44                rowToMove
 .data.xPosAdd  0x000000002001aa48        0x4 Core/Src/main.o
                0x000000002001aa48                xPosAdd
 .data.yPosAdd  0x000000002001aa4c        0x4 Core/Src/main.o
                0x000000002001aa4c                yPosAdd
 .data.offset   0x000000002001aa50        0x4 Core/Src/main.o
                0x000000002001aa50                offset
 .data.latch54321
                0x000000002001aa54        0x1 Core/Src/main.o
                0x000000002001aa54                latch54321
 .data.latch5432
                0x000000002001aa55        0x1 Core/Src/main.o
                0x000000002001aa55                latch5432
 .data.latch543
                0x000000002001aa56        0x1 Core/Src/main.o
                0x000000002001aa56                latch543
 .data.latch54  0x000000002001aa57        0x1 Core/Src/main.o
                0x000000002001aa57                latch54
 .data.latch5   0x000000002001aa58        0x1 Core/Src/main.o
                0x000000002001aa58                latch5
 .data.latch01234
                0x000000002001aa59        0x1 Core/Src/main.o
                0x000000002001aa59                latch01234
 .data.latch0123
                0x000000002001aa5a        0x1 Core/Src/main.o
                0x000000002001aa5a                latch0123
 .data.latch012
                0x000000002001aa5b        0x1 Core/Src/main.o
                0x000000002001aa5b                latch012
 .data.latch01  0x000000002001aa5c        0x1 Core/Src/main.o
                0x000000002001aa5c                latch01
 .data.latch0   0x000000002001aa5d        0x1 Core/Src/main.o
                0x000000002001aa5d                latch0
 *fill*         0x000000002001aa5e        0x2 
 .data.lives    0x000000002001aa60        0x4 Core/Src/main.o
                0x000000002001aa60                lives
 .data.yOffset  0x000000002001aa64        0x4 Core/Src/main.o
                0x000000002001aa64                yOffset
 .data.latchabc
                0x000000002001aa68        0x1 Core/Src/main.o
                0x000000002001aa68                latchabc
 .data.latchab  0x000000002001aa69        0x1 Core/Src/main.o
                0x000000002001aa69                latchab
 .data.latcha   0x000000002001aa6a        0x1 Core/Src/main.o
                0x000000002001aa6a                latcha
 *fill*         0x000000002001aa6b        0x1 
 .data.SystemCoreClock
                0x000000002001aa6c        0x4 Core/Src/system_stm32f4xx.o
                0x000000002001aa6c                SystemCoreClock
 .data.uwTickPrio
                0x000000002001aa70        0x4 Drivers/STM32F4xx_HAL_Driver/Src/stm32f4xx_hal.o
                0x000000002001aa70                uwTickPrio
 .data.uwTickFreq
                0x000000002001aa74        0x1 Drivers/STM32F4xx_HAL_Driver/Src/stm32f4xx_hal.o
                0x000000002001aa74                uwTickFreq
                0x000000002001aa78                . = ALIGN (0x4)
 *fill*         0x000000002001aa75        0x3 
                0x000000002001aa78                _edata = .

.igot.plt       0x000000002001aa78        0x0 load address 0x0000000008035960
 .igot.plt      0x000000002001aa78        0x0 c:/st/stm32cubeide_1.3.0/stm32cubeide/plugins/com.st.stm32cube.ide.mcu.externaltools.gnu-tools-for-stm32.7-2018-q2-update.win32_1.0.0.201904181610/tools/bin/../lib/gcc/arm-none-eabi/7.3.1/thumb/v7e-m/fpv4-sp/hard/crtbegin.o
                0x000000002001aa78                . = ALIGN (0x4)

.bss            0x000000002001aa78      0x8f4 load address 0x0000000008035960
                0x000000002001aa78                _sbss = .
                0x000000002001aa78                __bss_start__ = _sbss
 *(.bss)
 .bss           0x000000002001aa78       0x1c c:/st/stm32cubeide_1.3.0/stm32cubeide/plugins/com.st.stm32cube.ide.mcu.externaltools.gnu-tools-for-stm32.7-2018-q2-update.win32_1.0.0.201904181610/tools/bin/../lib/gcc/arm-none-eabi/7.3.1/thumb/v7e-m/fpv4-sp/hard/crtbegin.o
 *(.bss*)
 .bss.refresh   0x000000002001aa94        0x1 Core/Src/main.o
                0x000000002001aa94                refresh
 *fill*         0x000000002001aa95        0x3 
 .bss.count1    0x000000002001aa98        0x4 Core/Src/main.o
                0x000000002001aa98                count1
 .bss.count2    0x000000002001aa9c        0x4 Core/Src/main.o
                0x000000002001aa9c                count2
 .bss.count3    0x000000002001aaa0        0x4 Core/Src/main.o
                0x000000002001aaa0                count3
 .bss.invShoot  0x000000002001aaa4        0x1 Core/Src/main.o
                0x000000002001aaa4                invShoot
 *fill*         0x000000002001aaa5        0x3 
 .bss.count4    0x000000002001aaa8        0x4 Core/Src/main.o
                0x000000002001aaa8                count4
 .bss.playSound1
                0x000000002001aaac        0x1 Core/Src/main.o
                0x000000002001aaac                playSound1
 *fill*         0x000000002001aaad        0x1 
 .bss.score     0x000000002001aaae        0x2 Core/Src/main.o
                0x000000002001aaae                score
 .bss.highscore
                0x000000002001aab0        0x2 Core/Src/main.o
                0x000000002001aab0                highscore
 *fill*         0x000000002001aab2        0x2 
 .bss.isEmptyCol
                0x000000002001aab4        0x6 Core/Src/main.o
                0x000000002001aab4                isEmptyCol
 *fill*         0x000000002001aaba        0x2 
 .bss.alternate
                0x000000002001aabc        0x4 Core/Src/main.o
                0x000000002001aabc                alternate
 .bss.isEmptyRow
                0x000000002001aac0       0x10 Core/Src/main.o
                0x000000002001aac0                isEmptyRow
 *(COMMON)
 COMMON         0x000000002001aad0      0x898 Core/Src/main.o
                0x000000002001aad0                Sprites_Data
                0x000000002001b098                Row
                0x000000002001b0d8                hdma_memtomem_dma2_stream0
                0x000000002001b138                htim3
                0x000000002001b178                hdma_spi3_tx
                0x000000002001b1d8                prevRowxCoord
                0x000000002001b1dc                xPosM
                0x000000002001b1e0                buttonD_pressed
                0x000000002001b1e4                invGrid
                0x000000002001b304                clearDone
                0x000000002001b308                prevRowxCoordR
                0x000000002001b30c                xPosloop
                0x000000002001b310                buttonO_pressed
                0x000000002001b311                buttonA_pressed
                0x000000002001b314                yPosloop
                0x000000002001b318                yPosMINV
                0x000000002001b31c                xPosMINV
                0x000000002001b320                hi2s3
 COMMON         0x000000002001b368        0x4 Drivers/STM32F4xx_HAL_Driver/Src/stm32f4xx_hal.o
                0x000000002001b368                uwTick
                0x000000002001b36c                . = ALIGN (0x4)
                0x000000002001b36c                _ebss = .
                0x000000002001b36c                __bss_end__ = _ebss

._user_heap_stack
                0x000000002001b36c      0x604 load address 0x0000000008035960
                0x000000002001b370                . = ALIGN (0x8)
 *fill*         0x000000002001b36c        0x4 
                0x000000002001b370                PROVIDE (end = .)
                [!provide]                        PROVIDE (_end = .)
                0x000000002001b570                . = (. + _Min_Heap_Size)
 *fill*         0x000000002001b370      0x200 
                0x000000002001b970                . = (. + _Min_Stack_Size)
 *fill*         0x000000002001b570      0x400 
                0x000000002001b970                . = ALIGN (0x8)

/DISCARD/
 libc.a(*)
 libm.a(*)
 libgcc.a(*)

.ARM.attributes
                0x0000000000000000       0x30
 *(.ARM.attributes)
 .ARM.attributes
                0x0000000000000000       0x22 c:/st/stm32cubeide_1.3.0/stm32cubeide/plugins/com.st.stm32cube.ide.mcu.externaltools.gnu-tools-for-stm32.7-2018-q2-update.win32_1.0.0.201904181610/tools/bin/../lib/gcc/arm-none-eabi/7.3.1/thumb/v7e-m/fpv4-sp/hard/crti.o
 .ARM.attributes
                0x0000000000000022       0x34 c:/st/stm32cubeide_1.3.0/stm32cubeide/plugins/com.st.stm32cube.ide.mcu.externaltools.gnu-tools-for-stm32.7-2018-q2-update.win32_1.0.0.201904181610/tools/bin/../lib/gcc/arm-none-eabi/7.3.1/thumb/v7e-m/fpv4-sp/hard/crtbegin.o
 .ARM.attributes
                0x0000000000000056       0x39 Core/Src/Sprites.o
 .ARM.attributes
                0x000000000000008f       0x39 Core/Src/main.o
 .ARM.attributes
                0x00000000000000c8       0x39 Core/Src/stm32f4xx_hal_msp.o
 .ARM.attributes
                0x0000000000000101       0x39 Core/Src/stm32f4xx_it.o
 .ARM.attributes
                0x000000000000013a       0x39 Core/Src/system_stm32f4xx.o
 .ARM.attributes
                0x0000000000000173       0x21 Core/Startup/startup_stm32f411vetx.o
 .ARM.attributes
                0x0000000000000194       0x39 Drivers/STM32F4xx_HAL_Driver/Src/stm32f4xx_hal.o
 .ARM.attributes
                0x00000000000001cd       0x39 Drivers/STM32F4xx_HAL_Driver/Src/stm32f4xx_hal_cortex.o
 .ARM.attributes
                0x0000000000000206       0x39 Drivers/STM32F4xx_HAL_Driver/Src/stm32f4xx_hal_dma.o
 .ARM.attributes
                0x000000000000023f       0x39 Drivers/STM32F4xx_HAL_Driver/Src/stm32f4xx_hal_gpio.o
 .ARM.attributes
                0x0000000000000278       0x39 Drivers/STM32F4xx_HAL_Driver/Src/stm32f4xx_hal_i2s.o
 .ARM.attributes
                0x00000000000002b1       0x39 Drivers/STM32F4xx_HAL_Driver/Src/stm32f4xx_hal_i2s_ex.o
 .ARM.attributes
                0x00000000000002ea       0x39 Drivers/STM32F4xx_HAL_Driver/Src/stm32f4xx_hal_rcc.o
 .ARM.attributes
                0x0000000000000323       0x39 Drivers/STM32F4xx_HAL_Driver/Src/stm32f4xx_hal_rcc_ex.o
 .ARM.attributes
                0x000000000000035c       0x39 Drivers/STM32F4xx_HAL_Driver/Src/stm32f4xx_hal_tim.o
 .ARM.attributes
                0x0000000000000395       0x39 Drivers/STM32F4xx_HAL_Driver/Src/stm32f4xx_hal_tim_ex.o
 .ARM.attributes
                0x00000000000003ce       0x34 c:/st/stm32cubeide_1.3.0/stm32cubeide/plugins/com.st.stm32cube.ide.mcu.externaltools.gnu-tools-for-stm32.7-2018-q2-update.win32_1.0.0.201904181610/tools/bin/../lib/gcc/arm-none-eabi/7.3.1/../../../../arm-none-eabi/lib/thumb/v7e-m/fpv4-sp/hard\libc_nano.a(lib_a-init.o)
 .ARM.attributes
                0x0000000000000402       0x34 c:/st/stm32cubeide_1.3.0/stm32cubeide/plugins/com.st.stm32cube.ide.mcu.externaltools.gnu-tools-for-stm32.7-2018-q2-update.win32_1.0.0.201904181610/tools/bin/../lib/gcc/arm-none-eabi/7.3.1/../../../../arm-none-eabi/lib/thumb/v7e-m/fpv4-sp/hard\libc_nano.a(lib_a-memset.o)
 .ARM.attributes
                0x0000000000000436       0x22 c:/st/stm32cubeide_1.3.0/stm32cubeide/plugins/com.st.stm32cube.ide.mcu.externaltools.gnu-tools-for-stm32.7-2018-q2-update.win32_1.0.0.201904181610/tools/bin/../lib/gcc/arm-none-eabi/7.3.1/thumb/v7e-m/fpv4-sp/hard\libgcc.a(_aeabi_uldivmod.o)
 .ARM.attributes
                0x0000000000000458       0x34 c:/st/stm32cubeide_1.3.0/stm32cubeide/plugins/com.st.stm32cube.ide.mcu.externaltools.gnu-tools-for-stm32.7-2018-q2-update.win32_1.0.0.201904181610/tools/bin/../lib/gcc/arm-none-eabi/7.3.1/thumb/v7e-m/fpv4-sp/hard\libgcc.a(_udivmoddi4.o)
 .ARM.attributes
                0x000000000000048c       0x22 c:/st/stm32cubeide_1.3.0/stm32cubeide/plugins/com.st.stm32cube.ide.mcu.externaltools.gnu-tools-for-stm32.7-2018-q2-update.win32_1.0.0.201904181610/tools/bin/../lib/gcc/arm-none-eabi/7.3.1/thumb/v7e-m/fpv4-sp/hard\libgcc.a(_dvmd_tls.o)
 .ARM.attributes
                0x00000000000004ae       0x22 c:/st/stm32cubeide_1.3.0/stm32cubeide/plugins/com.st.stm32cube.ide.mcu.externaltools.gnu-tools-for-stm32.7-2018-q2-update.win32_1.0.0.201904181610/tools/bin/../lib/gcc/arm-none-eabi/7.3.1/thumb/v7e-m/fpv4-sp/hard/crtn.o
OUTPUT(SpaceInvaders.elf elf32-littlearm)

.debug_info     0x0000000000000000     0xc97f
 .debug_info    0x0000000000000000      0x37a Core/Src/Sprites.o
 .debug_info    0x000000000000037a     0x23a5 Core/Src/main.o
 .debug_info    0x000000000000271f      0xe88 Core/Src/stm32f4xx_hal_msp.o
 .debug_info    0x00000000000035a7      0x79e Core/Src/stm32f4xx_it.o
 .debug_info    0x0000000000003d45      0x57e Core/Src/system_stm32f4xx.o
 .debug_info    0x00000000000042c3       0x22 Core/Startup/startup_stm32f411vetx.o
 .debug_info    0x00000000000042e5      0x8d5 Drivers/STM32F4xx_HAL_Driver/Src/stm32f4xx_hal.o
 .debug_info    0x0000000000004bba      0xd98 Drivers/STM32F4xx_HAL_Driver/Src/stm32f4xx_hal_cortex.o
 .debug_info    0x0000000000005952      0x960 Drivers/STM32F4xx_HAL_Driver/Src/stm32f4xx_hal_dma.o
 .debug_info    0x00000000000062b2      0x7d7 Drivers/STM32F4xx_HAL_Driver/Src/stm32f4xx_hal_gpio.o
 .debug_info    0x0000000000006a89      0xe56 Drivers/STM32F4xx_HAL_Driver/Src/stm32f4xx_hal_i2s.o
 .debug_info    0x00000000000078df      0xb6e Drivers/STM32F4xx_HAL_Driver/Src/stm32f4xx_hal_i2s_ex.o
 .debug_info    0x000000000000844d      0x92a Drivers/STM32F4xx_HAL_Driver/Src/stm32f4xx_hal_rcc.o
 .debug_info    0x0000000000008d77      0x618 Drivers/STM32F4xx_HAL_Driver/Src/stm32f4xx_hal_rcc_ex.o
 .debug_info    0x000000000000938f     0x24a1 Drivers/STM32F4xx_HAL_Driver/Src/stm32f4xx_hal_tim.o
 .debug_info    0x000000000000b830     0x114f Drivers/STM32F4xx_HAL_Driver/Src/stm32f4xx_hal_tim_ex.o

.debug_abbrev   0x0000000000000000     0x1e44
 .debug_abbrev  0x0000000000000000      0x159 Core/Src/Sprites.o
 .debug_abbrev  0x0000000000000159      0x33e Core/Src/main.o
 .debug_abbrev  0x0000000000000497      0x1a6 Core/Src/stm32f4xx_hal_msp.o
 .debug_abbrev  0x000000000000063d      0x181 Core/Src/stm32f4xx_it.o
 .debug_abbrev  0x00000000000007be      0x12b Core/Src/system_stm32f4xx.o
 .debug_abbrev  0x00000000000008e9       0x12 Core/Startup/startup_stm32f411vetx.o
 .debug_abbrev  0x00000000000008fb      0x1f2 Drivers/STM32F4xx_HAL_Driver/Src/stm32f4xx_hal.o
 .debug_abbrev  0x0000000000000aed      0x2fa Drivers/STM32F4xx_HAL_Driver/Src/stm32f4xx_hal_cortex.o
 .debug_abbrev  0x0000000000000de7      0x1f1 Drivers/STM32F4xx_HAL_Driver/Src/stm32f4xx_hal_dma.o
 .debug_abbrev  0x0000000000000fd8      0x1c9 Drivers/STM32F4xx_HAL_Driver/Src/stm32f4xx_hal_gpio.o
 .debug_abbrev  0x00000000000011a1      0x22a Drivers/STM32F4xx_HAL_Driver/Src/stm32f4xx_hal_i2s.o
 .debug_abbrev  0x00000000000013cb      0x255 Drivers/STM32F4xx_HAL_Driver/Src/stm32f4xx_hal_i2s_ex.o
 .debug_abbrev  0x0000000000001620      0x245 Drivers/STM32F4xx_HAL_Driver/Src/stm32f4xx_hal_rcc.o
 .debug_abbrev  0x0000000000001865      0x173 Drivers/STM32F4xx_HAL_Driver/Src/stm32f4xx_hal_rcc_ex.o
 .debug_abbrev  0x00000000000019d8      0x23f Drivers/STM32F4xx_HAL_Driver/Src/stm32f4xx_hal_tim.o
 .debug_abbrev  0x0000000000001c17      0x22d Drivers/STM32F4xx_HAL_Driver/Src/stm32f4xx_hal_tim_ex.o

.debug_aranges  0x0000000000000000      0xc80
 .debug_aranges
                0x0000000000000000       0x30 Core/Src/Sprites.o
 .debug_aranges
                0x0000000000000030       0xd8 Core/Src/main.o
 .debug_aranges
                0x0000000000000108       0x40 Core/Src/stm32f4xx_hal_msp.o
 .debug_aranges
                0x0000000000000148       0x98 Core/Src/stm32f4xx_it.o
 .debug_aranges
                0x00000000000001e0       0x28 Core/Src/system_stm32f4xx.o
 .debug_aranges
                0x0000000000000208       0x28 Core/Startup/startup_stm32f411vetx.o
 .debug_aranges
                0x0000000000000230       0xf0 Drivers/STM32F4xx_HAL_Driver/Src/stm32f4xx_hal.o
 .debug_aranges
                0x0000000000000320      0x118 Drivers/STM32F4xx_HAL_Driver/Src/stm32f4xx_hal_cortex.o
 .debug_aranges
                0x0000000000000438       0x90 Drivers/STM32F4xx_HAL_Driver/Src/stm32f4xx_hal_dma.o
 .debug_aranges
                0x00000000000004c8       0x58 Drivers/STM32F4xx_HAL_Driver/Src/stm32f4xx_hal_gpio.o
 .debug_aranges
                0x0000000000000520      0x108 Drivers/STM32F4xx_HAL_Driver/Src/stm32f4xx_hal_i2s.o
 .debug_aranges
                0x0000000000000628       0x88 Drivers/STM32F4xx_HAL_Driver/Src/stm32f4xx_hal_i2s_ex.o
 .debug_aranges
                0x00000000000006b0       0x88 Drivers/STM32F4xx_HAL_Driver/Src/stm32f4xx_hal_rcc.o
 .debug_aranges
                0x0000000000000738       0x50 Drivers/STM32F4xx_HAL_Driver/Src/stm32f4xx_hal_rcc_ex.o
 .debug_aranges
                0x0000000000000788      0x3a8 Drivers/STM32F4xx_HAL_Driver/Src/stm32f4xx_hal_tim.o
 .debug_aranges
                0x0000000000000b30      0x150 Drivers/STM32F4xx_HAL_Driver/Src/stm32f4xx_hal_tim_ex.o

.debug_ranges   0x0000000000000000      0xb88
 .debug_ranges  0x0000000000000000       0x20 Core/Src/Sprites.o
 .debug_ranges  0x0000000000000020       0xc8 Core/Src/main.o
 .debug_ranges  0x00000000000000e8       0x30 Core/Src/stm32f4xx_hal_msp.o
 .debug_ranges  0x0000000000000118       0x88 Core/Src/stm32f4xx_it.o
 .debug_ranges  0x00000000000001a0       0x18 Core/Src/system_stm32f4xx.o
 .debug_ranges  0x00000000000001b8       0x20 Core/Startup/startup_stm32f411vetx.o
 .debug_ranges  0x00000000000001d8       0xe0 Drivers/STM32F4xx_HAL_Driver/Src/stm32f4xx_hal.o
 .debug_ranges  0x00000000000002b8      0x108 Drivers/STM32F4xx_HAL_Driver/Src/stm32f4xx_hal_cortex.o
 .debug_ranges  0x00000000000003c0       0x80 Drivers/STM32F4xx_HAL_Driver/Src/stm32f4xx_hal_dma.o
 .debug_ranges  0x0000000000000440       0x48 Drivers/STM32F4xx_HAL_Driver/Src/stm32f4xx_hal_gpio.o
 .debug_ranges  0x0000000000000488       0xf8 Drivers/STM32F4xx_HAL_Driver/Src/stm32f4xx_hal_i2s.o
 .debug_ranges  0x0000000000000580       0x78 Drivers/STM32F4xx_HAL_Driver/Src/stm32f4xx_hal_i2s_ex.o
 .debug_ranges  0x00000000000005f8       0x78 Drivers/STM32F4xx_HAL_Driver/Src/stm32f4xx_hal_rcc.o
 .debug_ranges  0x0000000000000670       0x40 Drivers/STM32F4xx_HAL_Driver/Src/stm32f4xx_hal_rcc_ex.o
 .debug_ranges  0x00000000000006b0      0x398 Drivers/STM32F4xx_HAL_Driver/Src/stm32f4xx_hal_tim.o
 .debug_ranges  0x0000000000000a48      0x140 Drivers/STM32F4xx_HAL_Driver/Src/stm32f4xx_hal_tim_ex.o

.debug_macro    0x0000000000000000    0x1666b
 .debug_macro   0x0000000000000000      0x1f0 Core/Src/Sprites.o
 .debug_macro   0x00000000000001f0      0xa5a Core/Src/Sprites.o
 .debug_macro   0x0000000000000c4a      0x18a Core/Src/Sprites.o
 .debug_macro   0x0000000000000dd4       0x2e Core/Src/Sprites.o
 .debug_macro   0x0000000000000e02       0x28 Core/Src/Sprites.o
 .debug_macro   0x0000000000000e2a       0x22 Core/Src/Sprites.o
 .debug_macro   0x0000000000000e4c       0x8e Core/Src/Sprites.o
 .debug_macro   0x0000000000000eda       0x51 Core/Src/Sprites.o
 .debug_macro   0x0000000000000f2b       0xef Core/Src/Sprites.o
 .debug_macro   0x000000000000101a       0x6a Core/Src/Sprites.o
 .debug_macro   0x0000000000001084      0x1df Core/Src/Sprites.o
 .debug_macro   0x0000000000001263       0x1c Core/Src/Sprites.o
 .debug_macro   0x000000000000127f       0x22 Core/Src/Sprites.o
 .debug_macro   0x00000000000012a1       0xdf Core/Src/Sprites.o
 .debug_macro   0x0000000000001380     0x102d Core/Src/Sprites.o
 .debug_macro   0x00000000000023ad      0x11f Core/Src/Sprites.o
 .debug_macro   0x00000000000024cc     0xb937 Core/Src/Sprites.o
 .debug_macro   0x000000000000de03       0x43 Core/Src/Sprites.o
 .debug_macro   0x000000000000de46     0x3659 Core/Src/Sprites.o
 .debug_macro   0x000000000001149f      0x174 Core/Src/Sprites.o
 .debug_macro   0x0000000000011613       0x5a Core/Src/Sprites.o
 .debug_macro   0x000000000001166d      0x447 Core/Src/Sprites.o
 .debug_macro   0x0000000000011ab4      0x9fe Core/Src/Sprites.o
 .debug_macro   0x00000000000124b2      0x15f Core/Src/Sprites.o
 .debug_macro   0x0000000000012611      0x117 Core/Src/Sprites.o
 .debug_macro   0x0000000000012728      0x11b Core/Src/Sprites.o
 .debug_macro   0x0000000000012843       0x27 Core/Src/Sprites.o
 .debug_macro   0x000000000001286a      0x287 Core/Src/Sprites.o
 .debug_macro   0x0000000000012af1       0x5f Core/Src/Sprites.o
 .debug_macro   0x0000000000012b50      0x236 Core/Src/Sprites.o
 .debug_macro   0x0000000000012d86      0x132 Core/Src/Sprites.o
 .debug_macro   0x0000000000012eb8      0x264 Core/Src/Sprites.o
 .debug_macro   0x000000000001311c       0x2e Core/Src/Sprites.o
 .debug_macro   0x000000000001314a      0x1a7 Core/Src/Sprites.o
 .debug_macro   0x00000000000132f1       0x46 Core/Src/Sprites.o
 .debug_macro   0x0000000000013337       0x4a Core/Src/Sprites.o
 .debug_macro   0x0000000000013381      0x11a Core/Src/Sprites.o
 .debug_macro   0x000000000001349b       0x85 Core/Src/Sprites.o
 .debug_macro   0x0000000000013520       0x89 Core/Src/Sprites.o
 .debug_macro   0x00000000000135a9      0x8a0 Core/Src/Sprites.o
 .debug_macro   0x0000000000013e49       0x47 Core/Src/Sprites.o
 .debug_macro   0x0000000000013e90      0x126 Core/Src/Sprites.o
 .debug_macro   0x0000000000013fb6       0x6a Core/Src/Sprites.o
 .debug_macro   0x0000000000014020      0x389 Core/Src/main.o
 .debug_macro   0x00000000000143a9       0x46 Core/Src/main.o
 .debug_macro   0x00000000000143ef       0x18 Core/Src/main.o
 .debug_macro   0x0000000000014407       0x3c Core/Src/main.o
 .debug_macro   0x0000000000014443       0x34 Core/Src/main.o
 .debug_macro   0x0000000000014477      0x32a Core/Src/main.o
 .debug_macro   0x00000000000147a1       0x52 Core/Src/main.o
 .debug_macro   0x00000000000147f3       0x1f Core/Src/main.o
 .debug_macro   0x0000000000014812       0x43 Core/Src/main.o
 .debug_macro   0x0000000000014855       0x20 Core/Src/main.o
 .debug_macro   0x0000000000014875      0x1a3 Core/Src/main.o
 .debug_macro   0x0000000000014a18       0x10 Core/Src/main.o
 .debug_macro   0x0000000000014a28       0x35 Core/Src/main.o
 .debug_macro   0x0000000000014a5d       0x10 Core/Src/main.o
 .debug_macro   0x0000000000014a6d       0x10 Core/Src/main.o
 .debug_macro   0x0000000000014a7d       0x10 Core/Src/main.o
 .debug_macro   0x0000000000014a8d       0x1c Core/Src/main.o
 .debug_macro   0x0000000000014aa9       0x52 Core/Src/main.o
 .debug_macro   0x0000000000014afb       0x40 Core/Src/main.o
 .debug_macro   0x0000000000014b3b       0x10 Core/Src/main.o
 .debug_macro   0x0000000000014b4b       0x40 Core/Src/main.o
 .debug_macro   0x0000000000014b8b       0xd7 Core/Src/main.o
 .debug_macro   0x0000000000014c62       0x1c Core/Src/main.o
 .debug_macro   0x0000000000014c7e       0x3d Core/Src/main.o
 .debug_macro   0x0000000000014cbb       0x35 Core/Src/main.o
 .debug_macro   0x0000000000014cf0       0x16 Core/Src/main.o
 .debug_macro   0x0000000000014d06       0x16 Core/Src/main.o
 .debug_macro   0x0000000000014d1c       0x29 Core/Src/main.o
 .debug_macro   0x0000000000014d45      0x1e7 Core/Src/stm32f4xx_hal_msp.o
 .debug_macro   0x0000000000014f2c      0x1f1 Core/Src/stm32f4xx_it.o
 .debug_macro   0x000000000001511d      0x1e3 Core/Src/system_stm32f4xx.o
 .debug_macro   0x0000000000015300      0x23d Drivers/STM32F4xx_HAL_Driver/Src/stm32f4xx_hal.o
 .debug_macro   0x000000000001553d      0x1dd Drivers/STM32F4xx_HAL_Driver/Src/stm32f4xx_hal_cortex.o
 .debug_macro   0x000000000001571a      0x1e3 Drivers/STM32F4xx_HAL_Driver/Src/stm32f4xx_hal_dma.o
 .debug_macro   0x00000000000158fd      0x213 Drivers/STM32F4xx_HAL_Driver/Src/stm32f4xx_hal_gpio.o
 .debug_macro   0x0000000000015b10      0x1e5 Drivers/STM32F4xx_HAL_Driver/Src/stm32f4xx_hal_i2s.o
 .debug_macro   0x0000000000015cf5      0x1dd Drivers/STM32F4xx_HAL_Driver/Src/stm32f4xx_hal_i2s_ex.o
 .debug_macro   0x0000000000015ed2      0x201 Drivers/STM32F4xx_HAL_Driver/Src/stm32f4xx_hal_rcc.o
 .debug_macro   0x00000000000160d3      0x1dd Drivers/STM32F4xx_HAL_Driver/Src/stm32f4xx_hal_rcc_ex.o
 .debug_macro   0x00000000000162b0      0x1de Drivers/STM32F4xx_HAL_Driver/Src/stm32f4xx_hal_tim.o
 .debug_macro   0x000000000001648e      0x1dd Drivers/STM32F4xx_HAL_Driver/Src/stm32f4xx_hal_tim_ex.o

.debug_line     0x0000000000000000     0xa5a4
 .debug_line    0x0000000000000000      0x761 Core/Src/Sprites.o
 .debug_line    0x0000000000000761     0x106b Core/Src/main.o
 .debug_line    0x00000000000017cc      0x750 Core/Src/stm32f4xx_hal_msp.o
 .debug_line    0x0000000000001f1c      0x800 Core/Src/stm32f4xx_it.o
 .debug_line    0x000000000000271c      0x6f5 Core/Src/system_stm32f4xx.o
 .debug_line    0x0000000000002e11       0x85 Core/Startup/startup_stm32f411vetx.o
 .debug_line    0x0000000000002e96      0x8df Drivers/STM32F4xx_HAL_Driver/Src/stm32f4xx_hal.o
 .debug_line    0x0000000000003775      0xa03 Drivers/STM32F4xx_HAL_Driver/Src/stm32f4xx_hal_cortex.o
 .debug_line    0x0000000000004178      0x9ad Drivers/STM32F4xx_HAL_Driver/Src/stm32f4xx_hal_dma.o
 .debug_line    0x0000000000004b25      0x882 Drivers/STM32F4xx_HAL_Driver/Src/stm32f4xx_hal_gpio.o
 .debug_line    0x00000000000053a7      0xd7b Drivers/STM32F4xx_HAL_Driver/Src/stm32f4xx_hal_i2s.o
 .debug_line    0x0000000000006122      0xea9 Drivers/STM32F4xx_HAL_Driver/Src/stm32f4xx_hal_i2s_ex.o
 .debug_line    0x0000000000006fcb      0x937 Drivers/STM32F4xx_HAL_Driver/Src/stm32f4xx_hal_rcc.o
 .debug_line    0x0000000000007902      0x81c Drivers/STM32F4xx_HAL_Driver/Src/stm32f4xx_hal_rcc_ex.o
 .debug_line    0x000000000000811e     0x179c Drivers/STM32F4xx_HAL_Driver/Src/stm32f4xx_hal_tim.o
 .debug_line    0x00000000000098ba      0xcea Drivers/STM32F4xx_HAL_Driver/Src/stm32f4xx_hal_tim_ex.o

.debug_str      0x0000000000000000    0x8c098
 .debug_str     0x0000000000000000    0x848b0 Core/Src/Sprites.o
                                      0x84b46 (size before relaxing)
 .debug_str     0x00000000000848b0     0x4d22 Core/Src/main.o
                                      0x89946 (size before relaxing)
 .debug_str     0x00000000000895d2       0x89 Core/Src/stm32f4xx_hal_msp.o
                                      0x855e0 (size before relaxing)
 .debug_str     0x000000000008965b      0x147 Core/Src/stm32f4xx_it.o
                                      0x84fd5 (size before relaxing)
 .debug_str     0x00000000000897a2       0xc4 Core/Src/system_stm32f4xx.o
                                      0x84bda (size before relaxing)
 .debug_str     0x0000000000089866       0x36 Core/Startup/startup_stm32f411vetx.o
                                         0x8d (size before relaxing)
 .debug_str     0x000000000008989c      0x58d Drivers/STM32F4xx_HAL_Driver/Src/stm32f4xx_hal.o
                                      0x8554f (size before relaxing)
 .debug_str     0x0000000000089e29      0x399 Drivers/STM32F4xx_HAL_Driver/Src/stm32f4xx_hal_cortex.o
                                      0x8532c (size before relaxing)
 .debug_str     0x000000000008a1c2      0x31d Drivers/STM32F4xx_HAL_Driver/Src/stm32f4xx_hal_dma.o
                                      0x84fdd (size before relaxing)
 .debug_str     0x000000000008a4df      0x203 Drivers/STM32F4xx_HAL_Driver/Src/stm32f4xx_hal_gpio.o
                                      0x84e19 (size before relaxing)
 .debug_str     0x000000000008a6e2      0x292 Drivers/STM32F4xx_HAL_Driver/Src/stm32f4xx_hal_i2s.o
                                      0x8517c (size before relaxing)
 .debug_str     0x000000000008a974      0x1fc Drivers/STM32F4xx_HAL_Driver/Src/stm32f4xx_hal_i2s_ex.o
                                      0x850ba (size before relaxing)
 .debug_str     0x000000000008ab70      0x24e Drivers/STM32F4xx_HAL_Driver/Src/stm32f4xx_hal_rcc.o
                                      0x84fc7 (size before relaxing)
 .debug_str     0x000000000008adbe      0x12b Drivers/STM32F4xx_HAL_Driver/Src/stm32f4xx_hal_rcc_ex.o
                                      0x84d45 (size before relaxing)
 .debug_str     0x000000000008aee9      0xd0d Drivers/STM32F4xx_HAL_Driver/Src/stm32f4xx_hal_tim.o
                                      0x85cd4 (size before relaxing)
 .debug_str     0x000000000008bbf6      0x4a2 Drivers/STM32F4xx_HAL_Driver/Src/stm32f4xx_hal_tim_ex.o
                                      0x854d4 (size before relaxing)

.comment        0x0000000000000000       0x7b
 .comment       0x0000000000000000       0x7b Core/Src/Sprites.o
                                         0x7c (size before relaxing)
 .comment       0x000000000000007b       0x7c Core/Src/main.o
 .comment       0x000000000000007b       0x7c Core/Src/stm32f4xx_hal_msp.o
 .comment       0x000000000000007b       0x7c Core/Src/stm32f4xx_it.o
 .comment       0x000000000000007b       0x7c Core/Src/system_stm32f4xx.o
 .comment       0x000000000000007b       0x7c Drivers/STM32F4xx_HAL_Driver/Src/stm32f4xx_hal.o
 .comment       0x000000000000007b       0x7c Drivers/STM32F4xx_HAL_Driver/Src/stm32f4xx_hal_cortex.o
 .comment       0x000000000000007b       0x7c Drivers/STM32F4xx_HAL_Driver/Src/stm32f4xx_hal_dma.o
 .comment       0x000000000000007b       0x7c Drivers/STM32F4xx_HAL_Driver/Src/stm32f4xx_hal_gpio.o
 .comment       0x000000000000007b       0x7c Drivers/STM32F4xx_HAL_Driver/Src/stm32f4xx_hal_i2s.o
 .comment       0x000000000000007b       0x7c Drivers/STM32F4xx_HAL_Driver/Src/stm32f4xx_hal_i2s_ex.o
 .comment       0x000000000000007b       0x7c Drivers/STM32F4xx_HAL_Driver/Src/stm32f4xx_hal_rcc.o
 .comment       0x000000000000007b       0x7c Drivers/STM32F4xx_HAL_Driver/Src/stm32f4xx_hal_rcc_ex.o
 .comment       0x000000000000007b       0x7c Drivers/STM32F4xx_HAL_Driver/Src/stm32f4xx_hal_tim.o
 .comment       0x000000000000007b       0x7c Drivers/STM32F4xx_HAL_Driver/Src/stm32f4xx_hal_tim_ex.o

.debug_frame    0x0000000000000000     0x3398
 .debug_frame   0x0000000000000000       0x84 Core/Src/Sprites.o
 .debug_frame   0x0000000000000084      0x37c Core/Src/main.o
 .debug_frame   0x0000000000000400       0xc8 Core/Src/stm32f4xx_hal_msp.o
 .debug_frame   0x00000000000004c8      0x1d0 Core/Src/stm32f4xx_it.o
 .debug_frame   0x0000000000000698       0x58 Core/Src/system_stm32f4xx.o
 .debug_frame   0x00000000000006f0      0x374 Drivers/STM32F4xx_HAL_Driver/Src/stm32f4xx_hal.o
 .debug_frame   0x0000000000000a64      0x498 Drivers/STM32F4xx_HAL_Driver/Src/stm32f4xx_hal_cortex.o
 .debug_frame   0x0000000000000efc      0x250 Drivers/STM32F4xx_HAL_Driver/Src/stm32f4xx_hal_dma.o
 .debug_frame   0x000000000000114c      0x14c Drivers/STM32F4xx_HAL_Driver/Src/stm32f4xx_hal_gpio.o
 .debug_frame   0x0000000000001298      0x484 Drivers/STM32F4xx_HAL_Driver/Src/stm32f4xx_hal_i2s.o
 .debug_frame   0x000000000000171c      0x220 Drivers/STM32F4xx_HAL_Driver/Src/stm32f4xx_hal_i2s_ex.o
 .debug_frame   0x000000000000193c      0x1f0 Drivers/STM32F4xx_HAL_Driver/Src/stm32f4xx_hal_rcc.o
 .debug_frame   0x0000000000001b2c      0x118 Drivers/STM32F4xx_HAL_Driver/Src/stm32f4xx_hal_rcc_ex.o
 .debug_frame   0x0000000000001c44     0x10e8 Drivers/STM32F4xx_HAL_Driver/Src/stm32f4xx_hal_tim.o
 .debug_frame   0x0000000000002d2c      0x5c0 Drivers/STM32F4xx_HAL_Driver/Src/stm32f4xx_hal_tim_ex.o
 .debug_frame   0x00000000000032ec       0x2c c:/st/stm32cubeide_1.3.0/stm32cubeide/plugins/com.st.stm32cube.ide.mcu.externaltools.gnu-tools-for-stm32.7-2018-q2-update.win32_1.0.0.201904181610/tools/bin/../lib/gcc/arm-none-eabi/7.3.1/../../../../arm-none-eabi/lib/thumb/v7e-m/fpv4-sp/hard\libc_nano.a(lib_a-init.o)
 .debug_frame   0x0000000000003318       0x20 c:/st/stm32cubeide_1.3.0/stm32cubeide/plugins/com.st.stm32cube.ide.mcu.externaltools.gnu-tools-for-stm32.7-2018-q2-update.win32_1.0.0.201904181610/tools/bin/../lib/gcc/arm-none-eabi/7.3.1/../../../../arm-none-eabi/lib/thumb/v7e-m/fpv4-sp/hard\libc_nano.a(lib_a-memset.o)
 .debug_frame   0x0000000000003338       0x2c c:/st/stm32cubeide_1.3.0/stm32cubeide/plugins/com.st.stm32cube.ide.mcu.externaltools.gnu-tools-for-stm32.7-2018-q2-update.win32_1.0.0.201904181610/tools/bin/../lib/gcc/arm-none-eabi/7.3.1/thumb/v7e-m/fpv4-sp/hard\libgcc.a(_aeabi_uldivmod.o)
 .debug_frame   0x0000000000003364       0x34 c:/st/stm32cubeide_1.3.0/stm32cubeide/plugins/com.st.stm32cube.ide.mcu.externaltools.gnu-tools-for-stm32.7-2018-q2-update.win32_1.0.0.201904181610/tools/bin/../lib/gcc/arm-none-eabi/7.3.1/thumb/v7e-m/fpv4-sp/hard\libgcc.a(_udivmoddi4.o)
